// Jest Snapshot v1, https://goo.gl/fbAQLP

exports[`correctly generates JS module 1`] = `
"
var css = \\".Button { border: 1px solid red; }\\";
var style = document.createElement(\\"style\\");
style.setAttribute(\\"type\\", \\"text/css\\");
style.appendChild(document.createTextNode(css));
document.querySelector(\\"head\\").appendChild(style);
"
`;

exports[`logs results correctly 1`] = `
Array [
  Object {
    "level": "info",
    "source": "style-loader",
    "things": Array [
      "Generated JavaScript CSS module",
    ],
  },
]
`;
