// Jest Snapshot v1, https://goo.gl/fbAQLP

exports[`correctly generates CSS 1`] = `
".Button {
  border: 1px solid red;
}"
`;

exports[`logs results correctly 1`] = `
Array [
  Object {
    "level": "info",
    "source": "sass-loader",
    "things": Array [
      "Processed file with sass v1.22.2 (from loader)",
    ],
  },
]
`;
