// Jest Snapshot v1, https://goo.gl/fbAQLP

exports[`correctly transpiles JS code 1`] = `
"\\"use strict\\";

var x = 1;"
`;

exports[`correctly transpiles JS code 2`] = `
Object {
  "file.js.map": "{\\"version\\":3,\\"sources\\":[\\"file.js\\"],\\"names\\":[\\"x\\"],\\"mappings\\":\\";;AAAA,IAAMA,IAAI,CAAV\\",\\"file\\":\\"file.js\\",\\"sourcesContent\\":[\\"const x = 1;\\"]}",
}
`;

exports[`logs results correctly 1`] = `
Array [
  Object {
    "level": "info",
    "source": "babel-loader",
    "things": Array [
      "Transpiled file",
    ],
  },
]
`;
